-Xajruntimetarget:1.5
-17
-encoding
UTF-8
-source
17
-target
17
-classpath
C:\Users\el_jin\.m2\repository\org\aspectj\aspectjrt\1.9.21\aspectjrt-1.9.21.jar;C:\Users\el_jin\.m2\repository\org\aspectj\aspectjweaver\1.9.21\aspectjweaver-1.9.21.jar;C:\programming\study\corp\1\target\classes
-d
C:\programming\study\corp\1\target\classes
-s
C:\programming\study\corp\1\target\generated-sources\aspectj-maven-plugin
C:\programming\study\corp\1\src\main\java\Employee.java
C:\programming\study\corp\1\src\main\java\Enums.java
C:\programming\study\corp\1\src\main\java\LoggingAspect.java
C:\programming\study\corp\1\src\main\java\Main.java
C:\programming\study\corp\1\src\main\java\Person.java
C:\programming\study\corp\1\src\main\java\Student.java
C:\programming\study\corp\1\src\main\java\Teacher.java
